Last login: Tue Nov  3 19:50:20 on console
chenjixuandeMacBook-Pro:~ chenjixuan$ git config
usage: git config [<options>]

Config file location
    --global              use global config file
    --system              use system config file
    --local               use repository config file
    -f, --file <file>     use given config file
    --blob <blob-id>      read config from given blob object

Action
    --get                 get value: name [value-regex]
    --get-all             get all values: key [value-regex]
    --get-regexp          get values for regexp: name-regex [value-regex]
    --get-urlmatch        get value specific for the URL: section[.var] URL
    --replace-all         replace all matching variables: name value [value_regex]
    --add                 add a new variable: name value
    --unset               remove a variable: name [value-regex]
    --unset-all           remove all matches: name [value-regex]
    --rename-section      rename section: old-name new-name
    --remove-section      remove a section: name
    -l, --list            list all
    -e, --edit            open an editor
    --get-color           find the color configured: slot [default]
    --get-colorbool       find the color setting: slot [stdout-is-tty]

Type
    --bool                value is "true" or "false"
    --int                 value is decimal number
    --bool-or-int         value is --bool or --int
    --path                value is a path (file or directory name)

Other
    -z, --null            terminate values with NUL byte
    --name-only           show variable names only
    --includes            respect include directives on lookup

chenjixuandeMacBook-Pro:~ chenjixuan$ git config -global user.name
error: did you mean `--global` (with two dashes ?)
chenjixuandeMacBook-Pro:~ chenjixuan$ git config --global user.name
cjx
chenjixuandeMacBook-Pro:~ chenjixuan$ git config --global user.name "never-home" 
chenjixuandeMacBook-Pro:~ chenjixuan$ git config --global user.name
never-home
chenjixuandeMacBook-Pro:~ chenjixuan$ git config --global user.email
shenzi1228@gmail.com
chenjixuandeMacBook-Pro:~ chenjixuan$ git config --global core.editor
chenjixuandeMacBook-Pro:~ chenjixuan$ git config --list
core.excludesfile=~/.gitignore
core.legacyheaders=false
core.quotepath=false
core.pager=less -r
mergetool.keepbackup=true
push.default=simple
color.ui=auto
color.interactive=auto
repack.usedeltabaseoffset=true
alias.s=status
alias.a=!git add . && git status
alias.au=!git add -u . && git status
alias.aa=!git add . && git add -u . && git status
alias.c=commit
alias.cm=commit -m
alias.ca=commit --amend
alias.ac=!git add . && git commit
alias.acm=!git add . && git commit -m
alias.l=log --graph --all --pretty=format:'%C(yellow)%h%C(cyan)%d%Creset %s %C(white)- %an, %ar%Creset'
alias.ll=log --stat --abbrev-commit
alias.lg=log --color --graph --pretty=format:'%C(bold white)%h%Creset -%C(bold green)%d%Creset %s %C(bold green)(%cr)%Creset %C(bold blue)<%an>%Creset' --abbrev-commit --date=relative
alias.llg=log --color --graph --pretty=format:'%C(bold white)%H %d%Creset%n%s%n%+b%C(bold blue)%an <%ae>%Creset %C(bold green)%cr (%ci)' --abbrev-commit
alias.d=diff
alias.master=checkout master
alias.spull=svn rebase
alias.spush=svn dcommit
alias.alias=!git config --list | grep 'alias\.' | sed 's/alias\.\([^=]*\)=\(.*\)/\1\	 => \2/' | sort
include.path=~/.gitcinclude
include.path=.githubconfig
include.path=.gitcredential
diff.exif.textconv=exif
credential.helper=osxkeychain
user.name=never-home
user.email=shenzi1228@gmail.com
credential.helper=osxkeychain
chenjixuandeMacBook-Pro:~ chenjixuan$ cd /Users/chenjixuan/Documents
chenjixuandeMacBook-Pro:Documents chenjixuan$ git init
Initialized empty Git repository in /Users/chenjixuan/Documents/.git/
chenjixuandeMacBook-Pro:Documents chenjixuan$ cd /Users/chenjixuan/Documents
chenjixuandeMacBook-Pro:Documents chenjixuan$ cd gittest
chenjixuandeMacBook-Pro:gittest chenjixuan$ ls
chenjixuandeMacBook-Pro:gittest chenjixuan$ git init
Initialized empty Git repository in /Users/chenjixuan/Documents/gittest/.git/
chenjixuandeMacBook-Pro:gittest chenjixuan$ git add *.c
fatal: pathspec '*.c' did not match any files
chenjixuandeMacBook-Pro:gittest chenjixuan$ git add README
fatal: pathspec 'README' did not match any files
chenjixuandeMacBook-Pro:gittest chenjixuan$ git clone https://github.com/k2never/nevergiveup.git
Cloning into 'nevergiveup'...
remote: Counting objects: 6, done.
remote: Compressing objects: 100% (3/3), done.
remote: Total 6 (delta 0), reused 0 (delta 0), pack-reused 0
Unpacking objects: 100% (6/6), done.
Checking connectivity... done.
chenjixuandeMacBook-Pro:gittest chenjixuan$ git status
On branch master

Initial commit

Untracked files:
  (use "git add <file>..." to include in what will be committed)

	nevergiveup/

nothing added to commit but untracked files present (use "git add" to track)
chenjixuandeMacBook-Pro:gittest chenjixuan$ git status
On branch master

Initial commit

Untracked files:
  (use "git add <file>..." to include in what will be committed)

	nevergiveup/

nothing added to commit but untracked files present (use "git add" to track)
chenjixuandeMacBook-Pro:gittest chenjixuan$ vim README

SDFSDFSAFSAD


~                                                                               
~                                                                               
~                                                                               
~                                                                               
~                                                                               
~                                                                               
~                                                                               
~                                                                               
~                                                                               
~                                                                               
~                                                                               
~                                                                               
~                                                                               
~                                                                               
~                                                                               
~                                                                               
~                                                                               
~                                                                               
~                                                                               
~                                                                               
-- INSERT --
